192.168.0.0 - - [08/Sep/2012:11:16:02 +0200] "GET /temps/4IF16.html HTTP/1.1" 200 12106 "http://intranet-if.insa-lyon.fr/temps/4IF15.html" "Mozilla/5.0 (Windows NT 6.1; WOW64; rv:14.0) Gecko/20100101 Firefox/14.0.1"
192.168.0.0 - - [08/Sep/2012:11:16:05 +0200] "GET /temps/4IF17.html HTTP/1.1" 200 5189 "http://intranet-if.insa-lyon.fr/temps/4IF16.png" "Mozilla/5.0 (Windows NT 6.1; WOW64; rv:14.0) Gecko/20100101 Firefox/14.0.1"
192.168.0.0 - - [08/Sep/2012:12:16:06 +0200] "GET /temps/4IF18.html HTTP/1.1" 200 5192 "http://intranet-if.insa-lyon.fr/temps/4IF17.html?abcdefg-yolo-les-potos" "Mozilla/5.0 (Windows NT 6.1; WOW64; rv:14.0) Gecko/20100101 Firefox/14.0.1"
192.168.0.0 - - [08/Sep/2012:12:16:06 +0200] "GET /temps/4IF19.html HTTP/1.1" 200 5179 "http://intranet-if.insa-lyon.fr/temps/4IF18.html;des-choses-a-effacer" "Mozilla/5.0 (Windows NT 6.1; WOW64; rv:14.0) Gecko/20100101 Firefox/14.0.1"